\BOOKMARK [1][-]{section.1}{\376\377\000P\000r\000o\000p\000\363\000s\000i\000t\000o\000\040\000d\000o\000\040\000m\000a\000n\000u\000s\000c\000r\000i\000t\000o}{}% 1
\BOOKMARK [1][-]{section.2}{\376\377\000P\000r\000o\000b\000l\000e\000m\000a\000\040\000d\000e\000\040\000p\000e\000s\000q\000u\000i\000s\000a}{}% 2
\BOOKMARK [1][-]{section.3}{\376\377\000B\000a\000s\000e\000\040\000d\000e\000\040\000d\000a\000d\000o\000s}{}% 3
\BOOKMARK [2][-]{subsection.3.1}{\376\377\000M\000I\000T\000-\000B\000I\000H\000\040\000A\000r\000r\000h\000y\000t\000h\000m\000i\000a\000\040\000D\000a\000t\000a\000b\000a\000s\000e}{section.3}% 4
\BOOKMARK [2][-]{subsection.3.2}{\376\377\000E\000s\000t\000r\000u\000t\000u\000r\000a\000\040\000d\000o\000s\000\040\000d\000a\000d\000o\000s\000\040\000n\000o\000\040\000r\000e\000p\000o\000s\000i\000t\000\363\000r\000i\000o}{section.3}% 5
\BOOKMARK [1][-]{section.4}{\376\377\000P\000e\000r\000g\000u\000n\000t\000a\000\040\000m\000e\000t\000o\000d\000o\000l\000\363\000g\000i\000c\000a\000\040\000c\000e\000n\000t\000r\000a\000l}{}% 6
\BOOKMARK [1][-]{section.5}{\376\377\000A\000r\000q\000u\000i\000t\000e\000t\000u\000r\000a\000\040\000d\000o\000\040\000p\000i\000p\000e\000l\000i\000n\000e}{}% 7
\BOOKMARK [2][-]{subsection.5.1}{\376\377\000O\000r\000g\000a\000n\000i\000z\000a\000\347\000\343\000o\000\040\000g\000e\000r\000a\000l}{section.5}% 8
\BOOKMARK [2][-]{subsection.5.2}{\376\377\000P\000o\000n\000t\000o\000s\000\040\000d\000e\000\040\000e\000n\000t\000r\000a\000d\000a}{section.5}% 9
\BOOKMARK [1][-]{section.6}{\376\377\000M\000e\000t\000o\000d\000o\000l\000o\000g\000i\000a\000\040\000i\000m\000p\000l\000e\000m\000e\000n\000t\000a\000d\000a}{}% 10
\BOOKMARK [2][-]{subsection.6.1}{\376\377\000I\000n\000g\000e\000s\000t\000\343\000o\000\040\000e\000\040\000t\000a\000b\000u\000l\000a\000r\000i\000z\000a\000\347\000\343\000o}{section.6}% 11
\BOOKMARK [2][-]{subsection.6.2}{\376\377\000P\000r\000\351\000-\000p\000r\000o\000c\000e\000s\000s\000a\000m\000e\000n\000t\000o\000\040\000d\000o\000\040\000s\000i\000n\000a\000l}{section.6}% 12
\BOOKMARK [2][-]{subsection.6.3}{\376\377\000D\000e\000t\000e\000c\000\347\000\343\000o\000\040\000d\000e\000\040\000p\000i\000c\000o\000s\000\040\000R}{section.6}% 13
\BOOKMARK [2][-]{subsection.6.4}{\376\377\000C\000o\000n\000s\000t\000r\000u\000\347\000\343\000o\000\040\000d\000o\000\040\000d\000a\000t\000a\000s\000e\000t\000\040\000p\000o\000r\000\040\000b\000a\000t\000i\000m\000e\000n\000t\000o}{section.6}% 14
\BOOKMARK [2][-]{subsection.6.5}{\376\377\000M\000a\000p\000e\000a\000m\000e\000n\000t\000o\000\040\000d\000e\000\040\000c\000l\000a\000s\000s\000e\000s}{section.6}% 15
\BOOKMARK [2][-]{subsection.6.6}{\376\377\000D\000e\000s\000c\000r\000i\000t\000o\000r\000e\000s\000\040\000e\000x\000t\000r\000a\000\355\000d\000o\000s}{section.6}% 16
\BOOKMARK [3][-]{subsubsection.6.6.1}{\376\377\000D\000e\000s\000c\000r\000i\000t\000o\000r\000e\000s\000\040\000m\000o\000r\000f\000o\000l\000\363\000g\000i\000c\000o\000s}{subsection.6.6}% 17
\BOOKMARK [3][-]{subsubsection.6.6.2}{\376\377\000D\000e\000s\000c\000r\000i\000t\000o\000r\000e\000s\000\040\000d\000e\000\040\000d\000i\000n\000\342\000m\000i\000c\000a\000\040\000s\000i\000m\000b\000\363\000l\000i\000c\000a}{subsection.6.6}% 18
\BOOKMARK [3][-]{subsubsection.6.6.3}{\376\377\000D\000e\000s\000c\000r\000i\000t\000o\000r\000e\000s\000\040\000R\000R}{subsection.6.6}% 19
\BOOKMARK [2][-]{subsection.6.7}{\376\377\000M\000o\000d\000e\000l\000o\000\040\000b\000a\000s\000e\000l\000i\000n\000e\000\040\000a\000t\000u\000a\000l}{section.6}% 20
\BOOKMARK [1][-]{section.7}{\376\377\000P\000r\000o\000t\000o\000c\000o\000l\000o\000\040\000d\000e\000\040\000a\000v\000a\000l\000i\000a\000\347\000\343\000o}{}% 21
\BOOKMARK [2][-]{subsection.7.1}{\376\377\000S\000p\000l\000i\000t\000\040\000p\000o\000r\000\040\000r\000e\000g\000i\000s\000t\000r\000o}{section.7}% 22
\BOOKMARK [2][-]{subsection.7.2}{\376\377\000M\000\351\000t\000r\000i\000c\000a\000s\000\040\000d\000e\000\040\000c\000l\000a\000s\000s\000i\000f\000i\000c\000a\000\347\000\343\000o}{section.7}% 23
\BOOKMARK [2][-]{subsection.7.3}{\376\377\000M\000\351\000t\000r\000i\000c\000a\000s\000\040\000p\000a\000r\000a\000\040\000d\000e\000t\000e\000c\000\347\000\343\000o\000\040\000d\000e\000\040\000p\000i\000c\000o\000s}{section.7}% 24
\BOOKMARK [1][-]{section.8}{\376\377\000E\000s\000t\000a\000d\000o\000\040\000e\000x\000p\000e\000r\000i\000m\000e\000n\000t\000a\000l\000\040\000a\000t\000u\000a\000l}{}% 25
\BOOKMARK [2][-]{subsection.8.1}{\376\377\000R\000e\000s\000u\000l\000t\000a\000d\000o\000s\000\040\000d\000o\000\040\000b\000a\000s\000e\000l\000i\000n\000e\000\040\000c\000l\000\341\000s\000s\000i\000c\000o}{section.8}% 26
\BOOKMARK [2][-]{subsection.8.2}{\376\377\000R\000e\000s\000u\000l\000t\000a\000d\000o\000s\000\040\000d\000a\000\040\000a\000v\000a\000l\000i\000a\000\347\000\343\000o\000\040\000d\000e\000\040\000p\000i\000c\000o\000s\000\040\000R}{section.8}% 27
\BOOKMARK [1][-]{section.9}{\376\377\000I\000n\000t\000e\000r\000p\000r\000e\000t\000a\000\347\000\343\000o\000\040\000m\000e\000t\000o\000d\000o\000l\000\363\000g\000i\000c\000a\000\040\000d\000o\000\040\000e\000s\000t\000a\000d\000o\000\040\000a\000t\000u\000a\000l}{}% 28
\BOOKMARK [1][-]{section.10}{\376\377\000L\000i\000m\000i\000t\000a\000\347\000\365\000e\000s\000\040\000a\000t\000u\000a\000i\000s}{}% 29
\BOOKMARK [1][-]{section.11}{\376\377\000C\000o\000m\000o\000\040\000e\000s\000t\000e\000\040\000t\000e\000x\000t\000o\000\040\000p\000o\000d\000e\000\040\000e\000v\000o\000l\000u\000i\000r\000\040\000p\000a\000r\000a\000\040\000a\000r\000t\000i\000g\000o}{}% 30
\BOOKMARK [1][-]{section.12}{\376\377\000P\000r\000\363\000x\000i\000m\000o\000s\000\040\000p\000a\000s\000s\000o\000s\000\040\000r\000e\000c\000o\000m\000e\000n\000d\000a\000d\000o\000s}{}% 31
\BOOKMARK [1][-]{section.13}{\376\377\000C\000o\000m\000a\000n\000d\000o\000s\000\040\000d\000e\000\040\000r\000e\000p\000r\000o\000d\000u\000\347\000\343\000o}{}% 32
\BOOKMARK [2][-]{subsection.13.1}{\376\377\000A\000m\000b\000i\000e\000n\000t\000e}{section.13}% 33
\BOOKMARK [2][-]{subsection.13.2}{\376\377\000P\000i\000p\000e\000l\000i\000n\000e\000\040\000p\000r\000i\000n\000c\000i\000p\000a\000l}{section.13}% 34
\BOOKMARK [2][-]{subsection.13.3}{\376\377\000A\000v\000a\000l\000i\000a\000\347\000\343\000o\000\040\000d\000a\000\040\000d\000e\000t\000e\000c\000\347\000\343\000o\000\040\000d\000e\000\040\000p\000i\000c\000o\000s}{section.13}% 35
\BOOKMARK [2][-]{subsection.13.4}{\376\377\000T\000e\000s\000t\000e\000s}{section.13}% 36
\BOOKMARK [2][-]{subsection.13.5}{\376\377\000C\000o\000m\000p\000i\000l\000a\000\347\000\343\000o\000\040\000d\000e\000s\000t\000e\000\040\000d\000o\000c\000u\000m\000e\000n\000t\000o}{section.13}% 37
